
func TestT_assignInMethod(t *testing.T) {

	tests := []struct {
		Name string
		Use  *e.T
	}{
		// TODO: Add test cases.
	}

	for _, test := range tests {
		test := test
		t.Run(test.Name, func(t *testing.T) {

			test.Use.assignInMethod()

		})
	}
}