
func TestT_basicRecv(t *testing.T) {

	tests := []struct {
		Name string
		Use  d.T
	}{
		// TODO: Add test cases.
	}

	for _, test := range tests {
		test := test
		t.Run(test.Name, func(t *testing.T) {

			test.Use.basicRecv()

		})
	}
}