
func TestParallel(t *testing.T) {
	t.Parallel()

	tests := []struct {
		Name string
	}{
		// TODO: Add test cases.
	}

	for _, test := range tests {
		test := test
		t.Run(test.Name, func(t *testing.T) {
			t.Parallel()
			t.Cleanup(
			// TODO: Add function.
			)
			parallel()

		})
	}
}